=== 2026-06-17T22:49:01 ===
Starting SistemaCajaHospitalaria-BackupWorker
Task=SistemaCajaHospitalaria-BackupWorker State=Ready LastRun=06/17/2026 22:49:02 LastResult=1 NextRun= User=SYSTEM
Starting SistemaCajaHospitalaria-DailyBackup
Task=SistemaCajaHospitalaria-DailyBackup State=Ready LastRun=06/17/2026 22:49:31 LastResult=1 NextRun=06/18/2026 02:00:00 User=SYSTEM
--- worker log tail ---
WARNING: Error loading config file: open C:\Users\melar\.docker\config.json: Access is denied.
WARNING: Error loading config file: open C:\Users\melar\.docker\config.json: Access is denied.
error while interpolating services.backend.environment.PUSHER_APP_KEY: required variable PUSHER_APP_KEY is missing a value: PUSHER_APP_KEY is required
WARNING: Error loading config file: open C:\Users\melar\.docker\config.json: Access is denied.
WARNING: Error loading config file: open C:\Users\melar\.docker\config.json: Access is denied.
error while interpolating services.backend.environment.PUSHER_APP_SECRET: required variable PUSHER_APP_SECRET is missing a value: PUSHER_APP_SECRET is required
WARNING: Error loading config file: open C:\Users\melar\.docker\config.json: Access is denied.
WARNING: Error loading config file: open C:\Users\melar\.docker\config.json: Access is denied.
WARNING: Error loading config file: open C:\Users\melar\.docker\config.json: Access is denied.
WARNING: Error loading config file: open C:\Users\melar\.docker\config.json: Access is denied.
WARNING: Error loading config file: open C:\Users\melar\.docker\config.json: Access is denied.
WARNING: Error loading config file: open C:\Users\melar\.docker\config.json: Access is denied.
WARNING: Error loading config file: open C:\Users\melar\.docker\config.json: Access is denied.
WARNING: Error loading config file: open C:\Users\melar\.docker\config.json: Access is denied.
error while interpolating services.queue-worker.environment.PUSHER_APP_KEY: required variable PUSHER_APP_KEY is missing a value: PUSHER_APP_KEY is required
error while interpolating services.backend.environment.PUSHER_APP_ID: required variable PUSHER_APP_ID is missing a value: PUSHER_APP_ID is required
WARNING: Error loading config file: open C:\Users\melar\.docker\config.json: Access is denied.
WARNING: Error loading config file: open C:\Users\melar\.docker\config.json: Access is denied.
error while interpolating services.queue-worker.environment.PUSHER_APP_ID: required variable PUSHER_APP_ID is missing a value: PUSHER_APP_ID is required
error while interpolating services.soketi.environment.SOKETI_DEFAULT_APP_SECRET: required variable PUSHER_APP_SECRET is missing a value: PUSHER_APP_SECRET is required
[17/06/2026 22:46:29,98] Asegurando queue-worker Docker. 
 Container shospital_offlinetest-mysql-1 Running 
 Container shospital_offlinetest-backend-1 Recreate 
 Container shospital_offlinetest-backend-1 Recreated 
 Container shospital_offlinetest-queue-worker-1 Recreate 
 Container shospital_offlinetest-queue-worker-1 Recreated 
 Container shospital_offlinetest-mysql-1 Waiting 
 Container shospital_offlinetest-mysql-1 Healthy 
 Container shospital_offlinetest-backend-1 Starting 
 Container shospital_offlinetest-backend-1 Started 
 Container shospital_offlinetest-mysql-1 Waiting 
 Container shospital_offlinetest-mysql-1 Healthy 
 Container shospital_offlinetest-queue-worker-1 Starting 
 Container shospital_offlinetest-queue-worker-1 Started 
--- scheduled log tail ---
WARNING: Error loading config file: open C:\Users\melar\.docker\config.json: Access is denied.
WARNING: Error loading config file: open C:\Users\melar\.docker\config.json: Access is denied.
error while interpolating services.backend.environment.PUSHER_APP_ID: required variable PUSHER_APP_ID is missing a value: PUSHER_APP_ID is required
WARNING: Error loading config file: open C:\Users\melar\.docker\config.json: Access is denied.
WARNING: Error loading config file: open C:\Users\melar\.docker\config.json: Access is denied.
WARNING: Error loading config file: open C:\Users\melar\.docker\config.json: Access is denied.
WARNING: Error loading config file: open C:\Users\melar\.docker\config.json: Access is denied.
WARNING: Error loading config file: open C:\Users\melar\.docker\config.json: Access is denied.
WARNING: Error loading config file: open C:\Users\melar\.docker\config.json: Access is denied.
WARNING: Error loading config file: open C:\Users\melar\.docker\config.json: Access is denied.
WARNING: Error loading config file: open C:\Users\melar\.docker\config.json: Access is denied.
WARNING: Error loading config file: open C:\Users\melar\.docker\config.json: Access is denied.
WARNING: Error loading config file: open C:\Users\melar\.docker\config.json: Access is denied.
[16/06/2026 17:06:25,08] Iniciando respaldo programado en contenedor backend. 
service "backend" is not running
